python : Python 
строка:1 знак:13
+ cd backend; python -m compileall main.py 2>errors.txt; cat errors.txt
+             ~~~~~~~~~~~~~~~~~~~~~~~~~~~~~~~~~~~~~~~~~
    + CategoryInfo          : NotSpecified: (Python :String) [], RemoteException
    + FullyQualifiedErrorId : NativeCommandError
 
